Starting API...
Strting API...
Starting API...
Starting API...
Starting API...
Starting API...
Starting API...
Starting API...
Starting API...
Starting API...
Starting API...
2026-09-01 14:51:32,739 - INFO - Starting API...
2026-09-02 10:51:58,847 - INFO - Starting API...
2026-09-02 10:52:15,440 - INFO - Starting API...
2026-09-02 10:53:45,797 - INFO - {'url': '/docs', 'method': 'GET'}
2026-09-02 10:53:46,155 - INFO - {'url': '/openapi.json', 'method': 'GET'}
2026-09-02 10:54:02,861 - INFO - {'url': '/login', 'method': 'GET'}
2026-09-02 10:54:02,899 - INFO - {'url': '/favicon.ico', 'method': 'GET'}
2026-09-02 10:54:31,256 - INFO - {'url': '/signup', 'method': 'GET'}
2026-09-02 10:55:20,708 - INFO - {'url': '/get', 'method': 'GET'}
2026-09-02 10:55:35,036 - INFO - {'url': '/docs', 'method': 'GET'}
2026-09-02 10:55:35,316 - INFO - {'url': '/openapi.json', 'method': 'GET'}
2026-09-02 10:55:52,761 - INFO - {'url': '/users', 'method': 'GET'}
2026-09-02 10:57:12,799 - INFO - {'url': '/docs', 'method': 'GET'}
2026-09-02 10:57:12,887 - INFO - {'url': '/openapi.json', 'method': 'GET'}
2026-09-02 10:57:45,727 - INFO - {'url': '/signup', 'method': 'POST'}
2026-09-02 10:57:46,102 - INFO - SELECT DATABASE()
2026-09-02 10:57:46,102 - INFO - [raw sql] {}
2026-09-02 10:57:46,109 - INFO - SELECT @@sql_mode
2026-09-02 10:57:46,109 - INFO - [raw sql] {}
2026-09-02 10:57:46,110 - INFO - SELECT @@lower_case_table_names
2026-09-02 10:57:46,111 - INFO - [raw sql] {}
2026-09-02 10:57:46,113 - INFO - BEGIN (implicit)
2026-09-02 10:57:46,125 - INFO - SELECT organizations.id AS organizations_id, organizations.name AS organizations_name 
FROM organizations 
WHERE organizations.name = %(name_1)s 
 LIMIT %(param_1)s
2026-09-02 10:57:46,126 - INFO - [generated in 0.00099s] {'name_1': 'Amdocs', 'param_1': 1}
2026-09-02 10:57:46,196 - INFO - SELECT users.id AS users_id, users.username AS users_username, users.email AS users_email, users.hashed_password AS users_hashed_password, users.organization_id AS users_organization_id, users.role_id AS users_role_id, users.failed_attempts AS users_failed_attempts, users.locked_until AS users_locked_until, users.reset_token AS users_reset_token, users.reset_token_expires AS users_reset_token_expires, users.refresh_token AS users_refresh_token, users.refresh_token_expires AS users_refresh_token_expires 
FROM users 
WHERE users.username = %(username_1)s 
 LIMIT %(param_1)s
2026-09-02 10:57:46,196 - INFO - [generated in 0.00081s] {'username_1': 'David', 'param_1': 1}
2026-09-02 10:57:46,218 - INFO - SELECT roles.id AS roles_id, roles.name AS roles_name 
FROM roles 
WHERE roles.name = %(name_1)s 
 LIMIT %(param_1)s
2026-09-02 10:57:46,219 - INFO - [generated in 0.00051s] {'name_1': 'Owner', 'param_1': 1}
2026-09-02 10:57:46,246 - INFO - INSERT INTO organizations (name) VALUES (%(name)s)
2026-09-02 10:57:46,246 - INFO - [generated in 0.00044s] {'name': 'Amdocs'}
2026-09-02 10:57:46,451 - INFO - INSERT INTO users (username, email, hashed_password, organization_id, role_id, failed_attempts, locked_until, reset_token, reset_token_expires, refresh_token, refresh_token_expires) VALUES (%(username)s, %(email)s, %(hashed_password)s, %(organization_id)s, %(role_id)s, %(failed_attempts)s, %(locked_until)s, %(reset_token)s, %(reset_token_expires)s, %(refresh_token)s, %(refresh_token_expires)s)
2026-09-02 10:57:46,452 - INFO - [generated in 0.00079s] {'username': 'David', 'email': 'user@example.com', 'hashed_password': '$argon2id$v=19$m=65536,t=3,p=4$QghBKKUU4pxTyjmnNGZs7Q$QcP1OVEIr3xOQqqXMgNKeIDU0tWjN5aeg4CIM9iaqrs', 'organization_id': 2, 'role_id': 1, 'failed_attempts': 0, 'locked_until': None, 'reset_token': None, 'reset_token_expires': None, 'refresh_token': None, 'refresh_token_expires': None}
2026-09-02 10:57:46,455 - INFO - COMMIT
2026-09-02 10:57:46,464 - INFO - BEGIN (implicit)
2026-09-02 10:57:46,466 - INFO - SELECT users.id, users.username, users.email, users.hashed_password, users.organization_id, users.role_id, users.failed_attempts, users.locked_until, users.reset_token, users.reset_token_expires, users.refresh_token, users.refresh_token_expires 
FROM users 
WHERE users.id = %(pk_1)s
2026-09-02 10:57:46,467 - INFO - [generated in 0.00069s] {'pk_1': 3}
2026-09-02 10:57:46,471 - INFO - SELECT organizations.id AS organizations_id, organizations.name AS organizations_name 
FROM organizations 
WHERE organizations.id = %(pk_1)s
2026-09-02 10:57:46,471 - INFO - [generated in 0.00057s] {'pk_1': 2}
2026-09-02 10:57:46,474 - INFO - SELECT roles.id AS roles_id, roles.name AS roles_name 
FROM roles 
WHERE roles.id = %(pk_1)s
2026-09-02 10:57:46,475 - INFO - [generated in 0.00062s] {'pk_1': 1}
2026-09-02 10:57:46,481 - INFO - ROLLBACK
2026-09-02 10:58:22,897 - INFO - Starting API...
2026-09-02 10:58:23,164 - INFO - Starting API...
2026-09-02 10:58:51,315 - INFO - Starting API...
2026-09-02 10:58:51,889 - INFO - Starting API...
2026-09-02 11:09:17,751 - INFO - Starting API...
2026-09-02 11:09:18,797 - INFO - Starting API...
2026-09-02 11:18:11,304 - INFO - Starting API...
2026-09-02 11:18:11,304 - INFO - Starting API...
2026-09-02 11:18:51,000 - INFO - {'url': '/signup', 'method': 'GET'}
2026-09-02 11:18:55,691 - INFO - {'url': '/signup', 'method': 'GET'}
2026-09-02 11:19:02,056 - INFO - {'url': '/signup', 'method': 'GET'}
2026-09-02 11:22:30,967 - INFO - Starting API...
2026-09-02 11:22:31,346 - INFO - Starting API...
2026-09-02 11:22:40,343 - INFO - logs
2026-09-02 11:23:29,369 - INFO - Starting API...
2026-09-02 11:23:29,888 - INFO - Starting API...
2026-09-02 11:25:41,664 - INFO - Starting API...
2026-09-02 11:25:42,210 - INFO - Starting API...
2026-09-02 11:28:19,454 - INFO - {'url': '/signup', 'method': 'GET'} - url=/signup - method=GET 
2026-09-02 11:42:40,531 - INFO - {'url': '/signup', 'method': 'GET', 'process_time': 0.03358292579650879} - url=/signup - method=GET -process_time=0.03358292579650879
2026-09-02 12:57:08,407 - INFO - {'url': '/signup', 'method': 'GET', 'process_time': 0.08090901374816895} - url=/signup - method=GET -process_time=0.08090901374816895
2026-09-02 12:58:10,688 - INFO - {'url': '/docs', 'method': 'GET', 'process_time': 0.006153106689453125} - url=/docs - method=GET -process_time=0.006153106689453125
2026-09-02 12:58:11,014 - INFO - {'url': '/openapi.json', 'method': 'GET', 'process_time': 0.1762683391571045} - url=/openapi.json - method=GET -process_time=0.1762683391571045
2026-09-02 12:59:27,798 - INFO - {'url': '/login', 'method': 'POST', 'process_time': 0.8618414402008057} - url=/login - method=POST -process_time=0.8618414402008057
2026-09-02 13:04:28,479 - INFO - Starting API... 
2026-09-02 13:04:29,226 - INFO - Starting API...
2026-09-02 13:04:31,418 - INFO - Starting API...
2026-09-02 13:04:31,424 - INFO - Starting API...
2026-09-02 13:04:48,833 - INFO - SELECT DATABASE()
2026-09-02 13:04:48,834 - INFO - [raw sql] {}
2026-09-02 13:04:48,835 - INFO - SELECT @@sql_mode
2026-09-02 13:04:48,835 - INFO - [raw sql] {}
2026-09-02 13:04:48,836 - INFO - SELECT @@lower_case_table_names
2026-09-02 13:04:48,836 - INFO - [raw sql] {}
2026-09-02 13:04:48,837 - INFO - BEGIN (implicit)
2026-09-02 13:04:48,842 - INFO - SELECT users.id AS users_id, users.username AS users_username, users.email AS users_email, users.hashed_password AS users_hashed_password, users.organization_id AS users_organization_id, users.role_id AS users_role_id, users.failed_attempts AS users_failed_attempts, users.locked_until AS users_locked_until, users.reset_token AS users_reset_token, users.reset_token_expires AS users_reset_token_expires, users.refresh_token AS users_refresh_token, users.refresh_token_expires AS users_refresh_token_expires 
FROM users 
WHERE users.id = %(id_1)s 
 LIMIT %(param_1)s
2026-09-02 13:04:48,843 - INFO - [generated in 0.00061s] {'id_1': 3, 'param_1': 1}
2026-09-02 13:04:48,848 - INFO - ROLLBACK
2026-09-02 13:04:50,328 - INFO - BEGIN (implicit)
2026-09-02 13:04:50,328 - INFO - SELECT users.id AS users_id, users.username AS users_username, users.email AS users_email, users.hashed_password AS users_hashed_password, users.organization_id AS users_organization_id, users.role_id AS users_role_id, users.failed_attempts AS users_failed_attempts, users.locked_until AS users_locked_until, users.reset_token AS users_reset_token, users.reset_token_expires AS users_reset_token_expires, users.refresh_token AS users_refresh_token, users.refresh_token_expires AS users_refresh_token_expires 
FROM users 
WHERE users.id = %(id_1)s 
 LIMIT %(param_1)s
2026-09-02 13:04:50,329 - INFO - [cached since 1.487s ago] {'id_1': 3, 'param_1': 1}
2026-09-02 13:04:50,334 - INFO - ROLLBACK
2026-09-02 13:04:51,179 - INFO - BEGIN (implicit)
2026-09-02 13:04:51,180 - INFO - SELECT users.id AS users_id, users.username AS users_username, users.email AS users_email, users.hashed_password AS users_hashed_password, users.organization_id AS users_organization_id, users.role_id AS users_role_id, users.failed_attempts AS users_failed_attempts, users.locked_until AS users_locked_until, users.reset_token AS users_reset_token, users.reset_token_expires AS users_reset_token_expires, users.refresh_token AS users_refresh_token, users.refresh_token_expires AS users_refresh_token_expires 
FROM users 
WHERE users.id = %(id_1)s 
 LIMIT %(param_1)s
2026-09-02 13:04:51,181 - INFO - [cached since 2.339s ago] {'id_1': 3, 'param_1': 1}
2026-09-02 13:04:51,186 - INFO - ROLLBACK
2026-09-02 13:04:51,530 - INFO - BEGIN (implicit)
2026-09-02 13:04:51,530 - INFO - SELECT users.id AS users_id, users.username AS users_username, users.email AS users_email, users.hashed_password AS users_hashed_password, users.organization_id AS users_organization_id, users.role_id AS users_role_id, users.failed_attempts AS users_failed_attempts, users.locked_until AS users_locked_until, users.reset_token AS users_reset_token, users.reset_token_expires AS users_reset_token_expires, users.refresh_token AS users_refresh_token, users.refresh_token_expires AS users_refresh_token_expires 
FROM users 
WHERE users.id = %(id_1)s 
 LIMIT %(param_1)s
2026-09-02 13:04:51,531 - INFO - [cached since 2.689s ago] {'id_1': 3, 'param_1': 1}
2026-09-02 13:04:51,537 - INFO - ROLLBACK
2026-09-02 13:04:51,887 - INFO - BEGIN (implicit)
2026-09-02 13:04:51,887 - INFO - SELECT users.id AS users_id, users.username AS users_username, users.email AS users_email, users.hashed_password AS users_hashed_password, users.organization_id AS users_organization_id, users.role_id AS users_role_id, users.failed_attempts AS users_failed_attempts, users.locked_until AS users_locked_until, users.reset_token AS users_reset_token, users.reset_token_expires AS users_reset_token_expires, users.refresh_token AS users_refresh_token, users.refresh_token_expires AS users_refresh_token_expires 
FROM users 
WHERE users.id = %(id_1)s 
 LIMIT %(param_1)s
2026-09-02 13:04:51,888 - INFO - [cached since 3.046s ago] {'id_1': 3, 'param_1': 1}
2026-09-02 13:04:51,893 - INFO - ROLLBACK
2026-09-02 13:04:52,238 - INFO - BEGIN (implicit)
2026-09-02 13:04:52,238 - INFO - SELECT users.id AS users_id, users.username AS users_username, users.email AS users_email, users.hashed_password AS users_hashed_password, users.organization_id AS users_organization_id, users.role_id AS users_role_id, users.failed_attempts AS users_failed_attempts, users.locked_until AS users_locked_until, users.reset_token AS users_reset_token, users.reset_token_expires AS users_reset_token_expires, users.refresh_token AS users_refresh_token, users.refresh_token_expires AS users_refresh_token_expires 
FROM users 
WHERE users.id = %(id_1)s 
 LIMIT %(param_1)s
2026-09-02 13:04:52,238 - INFO - [cached since 3.397s ago] {'id_1': 3, 'param_1': 1}
2026-09-02 13:04:52,242 - INFO - ROLLBACK
2026-09-02 13:04:53,260 - INFO - {'url': '/docs', 'method': 'GET', 'process_time': 0.002060413360595703}
2026-09-02 13:04:53,584 - INFO - {'url': '/openapi.json', 'method': 'GET', 'process_time': 0.09941315650939941}
2026-09-02 13:05:59,231 - INFO - BEGIN (implicit)
2026-09-02 13:05:59,232 - INFO - SELECT users.id AS users_id, users.username AS users_username, users.email AS users_email, users.hashed_password AS users_hashed_password, users.organization_id AS users_organization_id, users.role_id AS users_role_id, users.failed_attempts AS users_failed_attempts, users.locked_until AS users_locked_until, users.reset_token AS users_reset_token, users.reset_token_expires AS users_reset_token_expires, users.refresh_token AS users_refresh_token, users.refresh_token_expires AS users_refresh_token_expires 
FROM users 
WHERE users.username = %(username_1)s 
 LIMIT %(param_1)s
2026-09-02 13:05:59,233 - INFO - [generated in 0.00055s] {'username_1': 'David', 'param_1': 1}
2026-09-02 13:05:59,317 - INFO - SELECT roles.id AS roles_id, roles.name AS roles_name 
FROM roles 
WHERE roles.id = %(pk_1)s
2026-09-02 13:05:59,317 - INFO - [generated in 0.00043s] {'pk_1': 1}
2026-09-02 13:05:59,322 - INFO - UPDATE users SET refresh_token=%(refresh_token)s, refresh_token_expires=%(refresh_token_expires)s WHERE users.id = %(users_id)s
2026-09-02 13:05:59,322 - INFO - [generated in 0.00036s] {'refresh_token': 'wVh051JbPIPFlHVM0Vc_Dd_onOEwPpMp16vb1hkzPOU', 'refresh_token_expires': datetime.datetime(2026, 9, 9, 7, 35, 59, 320116), 'users_id': 3}
2026-09-02 13:05:59,325 - INFO - COMMIT
2026-09-02 13:05:59,331 - INFO - {'url': '/login', 'method': 'POST', 'process_time': 0.10585951805114746}
2026-09-02 13:06:07,193 - INFO - BEGIN (implicit)
2026-09-02 13:06:07,194 - INFO - SELECT users.id AS users_id, users.username AS users_username, users.email AS users_email, users.hashed_password AS users_hashed_password, users.organization_id AS users_organization_id, users.role_id AS users_role_id, users.failed_attempts AS users_failed_attempts, users.locked_until AS users_locked_until, users.reset_token AS users_reset_token, users.reset_token_expires AS users_reset_token_expires, users.refresh_token AS users_refresh_token, users.refresh_token_expires AS users_refresh_token_expires 
FROM users 
WHERE users.id = %(id_1)s 
 LIMIT %(param_1)s
2026-09-02 13:06:07,195 - INFO - [cached since 78.35s ago] {'id_1': 3, 'param_1': 1}
2026-09-02 13:06:07,200 - INFO - ROLLBACK
2026-09-02 13:10:18,808 - INFO - Starting API...
2026-09-02 13:10:19,062 - INFO - Starting API...
2026-09-02 13:10:35,908 - INFO - Starting API...
2026-09-02 13:10:36,617 - INFO - Starting API...
2026-09-02 13:10:48,472 - INFO - Starting API...
2026-09-02 13:10:48,964 - INFO - Starting API...
2026-09-02 13:11:09,329 - INFO - SELECT DATABASE()
2026-09-02 13:11:09,329 - INFO - [raw sql] {}
2026-09-02 13:11:09,331 - INFO - SELECT @@sql_mode
2026-09-02 13:11:09,331 - INFO - [raw sql] {}
2026-09-02 13:11:09,332 - INFO - SELECT @@lower_case_table_names
2026-09-02 13:11:09,332 - INFO - [raw sql] {}
2026-09-02 13:11:09,334 - INFO - BEGIN (implicit)
2026-09-02 13:11:09,338 - INFO - SELECT users.id AS users_id, users.username AS users_username, users.email AS users_email, users.hashed_password AS users_hashed_password, users.organization_id AS users_organization_id, users.role_id AS users_role_id, users.failed_attempts AS users_failed_attempts, users.locked_until AS users_locked_until, users.reset_token AS users_reset_token, users.reset_token_expires AS users_reset_token_expires, users.refresh_token AS users_refresh_token, users.refresh_token_expires AS users_refresh_token_expires 
FROM users 
WHERE users.id = %(id_1)s 
 LIMIT %(param_1)s
2026-09-02 13:11:09,338 - INFO - [generated in 0.00051s] {'id_1': 3, 'param_1': 1}
2026-09-02 13:11:09,358 - INFO - ROLLBACK
2026-09-02 13:11:09,361 - INFO - {'url': '/files/upload', 'method': 'POST', 'process_time': 0.4347970485687256}
2026-09-02 13:42:51,974 - INFO - Starting API...
2026-09-02 13:42:52,253 - INFO - Starting API...
2026-09-02 13:43:03,775 - INFO - Starting API...
2026-09-02 13:43:03,991 - INFO - Starting API...
2026-09-02 13:43:32,057 - INFO - Starting API...
2026-09-02 13:43:32,061 - INFO - Starting API...
2026-09-02 13:47:53,724 - INFO - Starting API...
2026-09-02 13:47:53,968 - INFO - Starting API...
2026-09-02 13:48:13,128 - INFO - Starting API...
2026-09-02 13:48:13,841 - INFO - Starting API...
2026-09-02 13:48:39,314 - INFO - Starting API...
2026-09-02 13:48:39,457 - INFO - Starting API...
2026-09-02 13:54:38,577 - INFO - Starting API...
2026-09-02 13:54:38,688 - INFO - Starting API...
2026-09-02 13:56:57,580 - INFO - {'url': '/docs', 'method': 'GET', 'process_time': 0.006455183029174805}
2026-09-02 13:56:58,175 - INFO - {'url': '/openapi.json', 'method': 'GET', 'process_time': 0.2966604232788086}
2026-09-02 13:57:53,766 - INFO - SELECT DATABASE()
2026-09-02 13:57:53,766 - INFO - [raw sql] {}
2026-09-02 13:57:53,770 - INFO - SELECT @@sql_mode
2026-09-02 13:57:53,771 - INFO - [raw sql] {}
2026-09-02 13:57:53,772 - INFO - SELECT @@lower_case_table_names
2026-09-02 13:57:53,772 - INFO - [raw sql] {}
2026-09-02 13:57:53,775 - INFO - BEGIN (implicit)
2026-09-02 13:57:53,786 - INFO - SELECT users.id AS users_id, users.username AS users_username, users.email AS users_email, users.hashed_password AS users_hashed_password, users.organization_id AS users_organization_id, users.role_id AS users_role_id, users.failed_attempts AS users_failed_attempts, users.locked_until AS users_locked_until, users.reset_token AS users_reset_token, users.reset_token_expires AS users_reset_token_expires, users.refresh_token AS users_refresh_token, users.refresh_token_expires AS users_refresh_token_expires 
FROM users 
WHERE users.username = %(username_1)s 
 LIMIT %(param_1)s
2026-09-02 13:57:53,786 - INFO - [generated in 0.00122s] {'username_1': 'David', 'param_1': 1}
2026-09-02 13:57:53,899 - INFO - SELECT roles.id AS roles_id, roles.name AS roles_name 
FROM roles 
WHERE roles.id = %(pk_1)s
2026-09-02 13:57:53,900 - INFO - [generated in 0.00048s] {'pk_1': 1}
2026-09-02 13:57:53,957 - INFO - UPDATE users SET refresh_token=%(refresh_token)s, refresh_token_expires=%(refresh_token_expires)s WHERE users.id = %(users_id)s
2026-09-02 13:57:53,958 - INFO - [generated in 0.00082s] {'refresh_token': 'mZDO2rWnIN2s56K3capF4c35fnVWN00VMznpd_PYdDM', 'refresh_token_expires': datetime.datetime(2026, 9, 9, 8, 27, 53, 947317), 'users_id': 3}
2026-09-02 13:57:53,968 - INFO - COMMIT
2026-09-02 13:57:53,980 - INFO - {'url': '/login', 'method': 'POST', 'process_time': 0.4521024227142334}
2026-09-02 13:58:26,119 - INFO - BEGIN (implicit)
2026-09-02 13:58:26,120 - INFO - SELECT users.id AS users_id, users.username AS users_username, users.email AS users_email, users.hashed_password AS users_hashed_password, users.organization_id AS users_organization_id, users.role_id AS users_role_id, users.failed_attempts AS users_failed_attempts, users.locked_until AS users_locked_until, users.reset_token AS users_reset_token, users.reset_token_expires AS users_reset_token_expires, users.refresh_token AS users_refresh_token, users.refresh_token_expires AS users_refresh_token_expires 
FROM users 
WHERE users.id = %(id_1)s 
 LIMIT %(param_1)s
2026-09-02 13:58:26,121 - INFO - [generated in 0.00093s] {'id_1': 3, 'param_1': 1}
2026-09-02 13:58:26,127 - INFO - ROLLBACK
2026-09-02 13:58:26,130 - INFO - {'url': '/files/upload-multiple', 'method': 'POST', 'process_time': 0.02683877944946289}
2026-09-02 14:02:40,725 - INFO - {'url': '/docs', 'method': 'GET', 'process_time': 0.019240856170654297}
2026-09-02 14:02:41,086 - INFO - {'url': '/openapi.json', 'method': 'GET', 'process_time': 0.017981767654418945}
2026-09-02 14:02:57,631 - INFO - {'url': '/files/upload-multiple', 'method': 'POST', 'process_time': 0.049336910247802734}
2026-09-02 14:03:27,096 - INFO - {'url': '/openapi.json', 'method': 'GET', 'process_time': 0.0031747817993164062}
2026-09-02 14:03:27,260 - INFO - {'url': '/favicon.ico', 'method': 'GET', 'process_time': 0.004023313522338867}
2026-09-02 15:10:05,376 - INFO - Starting API...
2026-09-02 15:10:05,377 - INFO - Starting API...
2026-09-02 15:11:18,881 - INFO - Starting API...
2026-09-02 15:11:19,055 - INFO - Starting API...
2026-09-02 15:11:52,148 - INFO - Starting API...
2026-09-02 15:11:52,149 - INFO - Starting API...
2026-09-02 15:12:29,656 - INFO - Starting API...
2026-09-02 15:12:29,659 - INFO - Starting API...
2026-09-02 15:49:54,146 - INFO - Starting API...
2026-09-02 16:15:02,242 - INFO - Starting API...
2026-09-07 11:31:55,235 - INFO - Starting API...
2026-09-07 11:32:09,814 - INFO - {'url': '/docs', 'method': 'GET', 'process_time': 0.003078460693359375}
2026-09-07 11:32:10,360 - INFO - {'url': '/openapi.json', 'method': 'GET', 'process_time': 0.16117525100708008}
2026-09-07 11:32:12,742 - INFO - {'url': '/docs', 'method': 'GET', 'process_time': 0.0008454322814941406}
2026-09-07 11:32:12,819 - INFO - {'url': '/openapi.json', 'method': 'GET', 'process_time': 0.0017511844635009766}
2026-09-07 11:33:35,479 - INFO - select pg_catalog.version()
2026-09-07 11:33:35,479 - INFO - [raw sql] {}
2026-09-07 11:33:35,480 - INFO - select current_schema()
2026-09-07 11:33:35,481 - INFO - [raw sql] {}
2026-09-07 11:33:35,484 - INFO - show standard_conforming_strings
2026-09-07 11:33:35,484 - INFO - [raw sql] {}
2026-09-07 11:33:35,485 - INFO - BEGIN (implicit)
2026-09-07 11:33:35,488 - INFO - SELECT organizations.id AS organizations_id, organizations.name AS organizations_name 
FROM organizations 
WHERE organizations.name = %(name_1)s 
 LIMIT %(param_1)s
2026-09-07 11:33:35,488 - INFO - [generated in 0.00048s] {'name_1': 'SpaceX', 'param_1': 1}
2026-09-07 11:33:35,502 - INFO - SELECT users.id AS users_id, users.username AS users_username, users.email AS users_email, users.hashed_password AS users_hashed_password, users.organization_id AS users_organization_id, users.role_id AS users_role_id, users.failed_attempts AS users_failed_attempts, users.locked_until AS users_locked_until, users.reset_token AS users_reset_token, users.reset_token_expires AS users_reset_token_expires, users.refresh_token AS users_refresh_token, users.refresh_token_expires AS users_refresh_token_expires 
FROM users 
WHERE users.username = %(username_1)s 
 LIMIT %(param_1)s
2026-09-07 11:33:35,502 - INFO - [generated in 0.00086s] {'username_1': 'Elon', 'param_1': 1}
2026-09-07 11:33:35,508 - INFO - SELECT roles.id AS roles_id, roles.name AS roles_name 
FROM roles 
WHERE roles.name = %(name_1)s 
 LIMIT %(param_1)s
2026-09-07 11:33:35,509 - INFO - [generated in 0.00040s] {'name_1': 'Owner', 'param_1': 1}
2026-09-07 11:33:35,518 - INFO - INSERT INTO organizations (name) VALUES (%(name)s) RETURNING organizations.id
2026-09-07 11:33:35,518 - INFO - [generated in 0.00047s] {'name': 'SpaceX'}
2026-09-07 11:33:35,684 - INFO - INSERT INTO users (username, email, hashed_password, organization_id, role_id, failed_attempts, locked_until, reset_token, reset_token_expires, refresh_token, refresh_token_expires) VALUES (%(username)s, %(email)s, %(hashed_password)s, %(organization_id)s, %(role_id)s, %(failed_attempts)s, %(locked_until)s, %(reset_token)s, %(reset_token_expires)s, %(refresh_token)s, %(refresh_token_expires)s) RETURNING users.id
2026-09-07 11:33:35,684 - INFO - [generated in 0.00052s] {'username': 'Elon', 'email': 'user@example.com', 'hashed_password': '$argon2id$v=19$m=65536,t=3,p=4$Q0hJaW2NUQphrLU2ptQa4w$IWA4s33mLgVlsjfttctp7tuOF6ASPuBiq6XV9gdZMBY', 'organization_id': 1, 'role_id': 1, 'failed_attempts': 0, 'locked_until': None, 'reset_token': None, 'reset_token_expires': None, 'refresh_token': None, 'refresh_token_expires': None}
2026-09-07 11:33:35,691 - INFO - COMMIT
2026-09-07 11:33:35,699 - INFO - BEGIN (implicit)
2026-09-07 11:33:35,701 - INFO - SELECT users.id, users.username, users.email, users.hashed_password, users.organization_id, users.role_id, users.failed_attempts, users.locked_until, users.reset_token, users.reset_token_expires, users.refresh_token, users.refresh_token_expires 
FROM users 
WHERE users.id = %(pk_1)s
2026-09-07 11:33:35,702 - INFO - [generated in 0.00071s] {'pk_1': 1}
2026-09-07 11:33:35,705 - INFO - SELECT organizations.id AS organizations_id, organizations.name AS organizations_name 
FROM organizations 
WHERE organizations.id = %(pk_1)s
2026-09-07 11:33:35,705 - INFO - [generated in 0.00035s] {'pk_1': 1}
2026-09-07 11:33:35,707 - INFO - SELECT roles.id AS roles_id, roles.name AS roles_name 
FROM roles 
WHERE roles.id = %(pk_1)s
2026-09-07 11:33:35,708 - INFO - [generated in 0.00113s] {'pk_1': 1}
2026-09-07 11:33:35,710 - INFO - {'url': '/signup', 'method': 'POST', 'process_time': 2.384525775909424}
2026-09-07 11:33:35,711 - INFO - ROLLBACK
2026-09-07 11:35:50,357 - INFO - BEGIN (implicit)
2026-09-07 11:35:50,359 - INFO - SELECT users.id AS users_id, users.username AS users_username, users.email AS users_email, users.hashed_password AS users_hashed_password, users.organization_id AS users_organization_id, users.role_id AS users_role_id, users.failed_attempts AS users_failed_attempts, users.locked_until AS users_locked_until, users.reset_token AS users_reset_token, users.reset_token_expires AS users_reset_token_expires, users.refresh_token AS users_refresh_token, users.refresh_token_expires AS users_refresh_token_expires 
FROM users 
WHERE users.username = %(username_1)s 
 LIMIT %(param_1)s
2026-09-07 11:35:50,359 - INFO - [cached since 134.9s ago] {'username_1': 'Elon Musk', 'param_1': 1}
2026-09-07 11:35:50,364 - INFO - ROLLBACK
2026-09-07 11:35:50,365 - INFO - {'url': '/login', 'method': 'POST', 'process_time': 0.031162500381469727}
2026-09-07 11:35:52,740 - INFO - BEGIN (implicit)
2026-09-07 11:35:52,740 - INFO - SELECT users.id AS users_id, users.username AS users_username, users.email AS users_email, users.hashed_password AS users_hashed_password, users.organization_id AS users_organization_id, users.role_id AS users_role_id, users.failed_attempts AS users_failed_attempts, users.locked_until AS users_locked_until, users.reset_token AS users_reset_token, users.reset_token_expires AS users_reset_token_expires, users.refresh_token AS users_refresh_token, users.refresh_token_expires AS users_refresh_token_expires 
FROM users 
WHERE users.username = %(username_1)s 
 LIMIT %(param_1)s
2026-09-07 11:35:52,741 - INFO - [cached since 137.2s ago] {'username_1': 'Elon Musk', 'param_1': 1}
2026-09-07 11:35:52,743 - INFO - ROLLBACK
2026-09-07 11:35:52,746 - INFO - {'url': '/login', 'method': 'POST', 'process_time': 0.009896039962768555}
2026-09-07 11:35:58,255 - INFO - BEGIN (implicit)
2026-09-07 11:35:58,255 - INFO - SELECT users.id AS users_id, users.username AS users_username, users.email AS users_email, users.hashed_password AS users_hashed_password, users.organization_id AS users_organization_id, users.role_id AS users_role_id, users.failed_attempts AS users_failed_attempts, users.locked_until AS users_locked_until, users.reset_token AS users_reset_token, users.reset_token_expires AS users_reset_token_expires, users.refresh_token AS users_refresh_token, users.refresh_token_expires AS users_refresh_token_expires 
FROM users 
WHERE users.username = %(username_1)s 
 LIMIT %(param_1)s
2026-09-07 11:35:58,256 - INFO - [cached since 142.8s ago] {'username_1': 'Elon Musk', 'param_1': 1}
2026-09-07 11:35:58,258 - INFO - ROLLBACK
2026-09-07 11:35:58,259 - INFO - {'url': '/login', 'method': 'POST', 'process_time': 0.009200811386108398}
2026-09-07 11:35:58,899 - INFO - BEGIN (implicit)
2026-09-07 11:35:58,900 - INFO - SELECT users.id AS users_id, users.username AS users_username, users.email AS users_email, users.hashed_password AS users_hashed_password, users.organization_id AS users_organization_id, users.role_id AS users_role_id, users.failed_attempts AS users_failed_attempts, users.locked_until AS users_locked_until, users.reset_token AS users_reset_token, users.reset_token_expires AS users_reset_token_expires, users.refresh_token AS users_refresh_token, users.refresh_token_expires AS users_refresh_token_expires 
FROM users 
WHERE users.username = %(username_1)s 
 LIMIT %(param_1)s
2026-09-07 11:35:58,900 - INFO - [cached since 143.4s ago] {'username_1': 'Elon Musk', 'param_1': 1}
2026-09-07 11:35:58,902 - INFO - ROLLBACK
2026-09-07 11:35:58,908 - INFO - {'url': '/login', 'method': 'POST', 'process_time': 0.011570215225219727}
2026-09-07 11:37:44,846 - INFO - {'url': '/files/file-count>0', 'method': 'GET', 'process_time': 0.018905162811279297}
2026-09-07 11:38:20,931 - INFO - {'url': '/login', 'method': 'POST', 'process_time': 0.0054531097412109375}
2026-09-07 11:38:34,257 - INFO - {'url': '/login', 'method': 'POST', 'process_time': 0.07171440124511719}
2026-09-07 11:54:04,588 - INFO - Starting API...
2026-09-07 11:58:23,397 - INFO - Starting API...
2026-09-07 11:58:26,903 - INFO - Starting API...
